#
# There is insufficient memory for the Java Runtime Environment to continue.
# Native memory allocation (malloc) failed to allocate 32744 bytes for Chunk::new
# Possible reasons:
#   The system is out of physical RAM or swap space
#   The process is running with CompressedOops enabled, and the Java Heap may be blocking the growth of the native heap
# Possible solutions:
#   Reduce memory load on the system
#   Increase physical memory or swap space
#   Check if swap backing store is full
#   Decrease Java heap size (-Xmx/-Xms)
#   Decrease number of Java threads
#   Decrease Java thread stack sizes (-Xss)
#   Set larger code cache with -XX:ReservedCodeCacheSize=
#   JVM is running with Zero Based Compressed Oops mode in which the Java heap is
#     placed in the first 32GB address space. The Java Heap base address is the
#     maximum limit for the native heap growth. Please use -XX:HeapBaseMinAddress
#     to set the Java Heap base and to place the Java Heap above 32GB virtual address.
# This output file may be truncated or incomplete.
#
#  Out of Memory Error (arena.cpp:184), pid=26844, tid=35128
#
# JRE version: Java(TM) SE Runtime Environment (20.0.2+9) (build 20.0.2+9-78)
# Java VM: Java HotSpot(TM) 64-Bit Server VM (20.0.2+9-78, mixed mode, sharing, tiered, compressed oops, compressed class ptrs, g1 gc, windows-amd64)
# No core dump will be written. Minidumps are not enabled by default on client versions of Windows
#

---------------  S U M M A R Y ------------

Command Line: -agentlib:jdwp=transport=dt_socket,address=127.0.0.1:60761,suspend=y,server=n -Dfile.encoding=UTF-8 -Dsun.stdout.encoding=UTF-8 -Dsun.stderr.encoding=UTF-8 com.astromyllc.astroorb.AstroOrbApplication

Host: AMD Ryzen 9 6900HS Creator Edition, 16 cores, 27G,  Windows 11 , 64 bit Build 22621 (10.0.22621.3958)
Time: Fri Sep 20 09:22:39 2024 Greenwich Standard Time elapsed time: 94.207807 seconds (0d 0h 1m 34s)

---------------  T H R E A D  ---------------

Current thread (0x000001c5c5c87480):  JavaThread "C2 CompilerThread1" daemon [_thread_in_native, id=35128, stack(0x000000aa20d00000,0x000000aa20e00000)]


Current CompileTask:
C2:  94207 7060       4       org.springframework.core.annotation.AnnotationsScanner::scan (21 bytes)

Stack: [0x000000aa20d00000,0x000000aa20e00000]
Native frames: (J=compiled Java code, j=interpreted, Vv=VM code, C=native code)
V  [jvm.dll+0x6bc25a]
V  [jvm.dll+0x84971a]
V  [jvm.dll+0x84b315]
V  [jvm.dll+0x84ba13]
V  [jvm.dll+0x280e4f]
V  [jvm.dll+0xc2ab1]
V  [jvm.dll+0xc2dd5]
V  [jvm.dll+0x3c0f3d]
V  [jvm.dll+0x3c05e1]
V  [jvm.dll+0x3c0624]
V  [jvm.dll+0x3b9aac]
V  [jvm.dll+0x1e6f51]
V  [jvm.dll+0x24b67b]
V  [jvm.dll+0x24a921]
V  [jvm.dll+0x1ce761]
V  [jvm.dll+0x25a0eb]
V  [jvm.dll+0x2587c0]
V  [jvm.dll+0x3f2dd5]
V  [jvm.dll+0x7f5c76]
V  [jvm.dll+0x6baecb]
C  [ucrtbase.dll+0x29333]
C  [KERNEL32.DLL+0x1257d]
C  [ntdll.dll+0x5af28]


---------------  P R O C E S S  ---------------

Threads class SMR info:
_java_thread_list=0x000001c5c7431ef0, length=44, elements={
0x000001c5f8ede590, 0x000001c5c50144d0, 0x000001c5c5017a70, 0x000001c5c501b880,
0x000001c5c501c360, 0x000001c5c501cf70, 0x000001c5c50226a0, 0x000001c5c502b300,
0x000001c5c528a7f0, 0x000001c5c528b650, 0x000001c5c52a07d0, 0x000001c5c52a7ce0,
0x000001c5c52b27e0, 0x000001c5c875ee70, 0x000001c5c995d4d0, 0x000001c5ca058fe0,
0x000001c5c633eff0, 0x000001c5c7bdc050, 0x000001c5c7bddae0, 0x000001c5c7bde030,
0x000001c5c7bdb060, 0x000001c5c7bdcaf0, 0x000001c5c7bdc5a0, 0x000001c5c7bdd040,
0x000001c5c7bde580, 0x000001c5ca414f70, 0x000001c5ca4144d0, 0x000001c5ca412a40,
0x000001c5ca410510, 0x000001c5ca413a30, 0x000001c5ca411500, 0x000001c5ca4154c0,
0x000001c5ca410fb0, 0x000001c5ca415f60, 0x000001c5ca4134e0, 0x000001c5ca415a10,
0x000001c5ca40efd0, 0x000001c5c5c87480, 0x000001c5c82f9460, 0x000001c5c69c4530,
0x000001c5c7c574d0, 0x000001c5c8d85730, 0x000001c5c7f288a0, 0x000001c5c76220d0
}

Java Threads: ( => current thread )
  0x000001c5f8ede590 JavaThread "Reference Handler" daemon [_thread_blocked, id=23748, stack(0x000000aa21600000,0x000000aa21700000)]
  0x000001c5c50144d0 JavaThread "Finalizer" daemon [_thread_blocked, id=36056, stack(0x000000aa21700000,0x000000aa21800000)]
  0x000001c5c5017a70 JavaThread "Signal Dispatcher" daemon [_thread_blocked, id=3080, stack(0x000000aa21800000,0x000000aa21900000)]
  0x000001c5c501b880 JavaThread "Attach Listener" daemon [_thread_blocked, id=27008, stack(0x000000aa21900000,0x000000aa21a00000)]
  0x000001c5c501c360 JavaThread "Service Thread" daemon [_thread_blocked, id=12472, stack(0x000000aa21a00000,0x000000aa21b00000)]
  0x000001c5c501cf70 JavaThread "Monitor Deflation Thread" daemon [_thread_blocked, id=1600, stack(0x000000aa21b00000,0x000000aa21c00000)]
  0x000001c5c50226a0 JavaThread "C2 CompilerThread0" daemon [_thread_blocked, id=34184, stack(0x000000aa21c00000,0x000000aa21d00000)]
  0x000001c5c502b300 JavaThread "C1 CompilerThread0" daemon [_thread_blocked, id=23064, stack(0x000000aa21d00000,0x000000aa21e00000)]
  0x000001c5c528a7f0 JavaThread "JDWP Transport Listener: dt_socket" daemon [_thread_blocked, id=27660, stack(0x000000aa22000000,0x000000aa22100000)]
  0x000001c5c528b650 JavaThread "JDWP Event Helper Thread" daemon [_thread_blocked, id=26788, stack(0x000000aa22100000,0x000000aa22200000)]
  0x000001c5c52a07d0 JavaThread "JDWP Command Reader" daemon [_thread_in_native, id=29720, stack(0x000000aa22200000,0x000000aa22300000)]
  0x000001c5c52a7ce0 JavaThread "Notification Thread" daemon [_thread_blocked, id=23956, stack(0x000000aa22300000,0x000000aa22400000)]
  0x000001c5c52b27e0 JavaThread "Common-Cleaner" daemon [_thread_blocked, id=33500, stack(0x000000aa22500000,0x000000aa22600000)]
  0x000001c5c875ee70 JavaThread "Catalina-utility-1" [_thread_blocked, id=38064, stack(0x000000aa23800000,0x000000aa23900000)]
  0x000001c5c995d4d0 JavaThread "Catalina-utility-2" [_thread_blocked, id=9576, stack(0x000000aa23900000,0x000000aa23a00000)]
  0x000001c5ca058fe0 JavaThread "container-0" [_thread_blocked, id=18156, stack(0x000000aa23a00000,0x000000aa23b00000)]
  0x000001c5c633eff0 JavaThread "spring.cloud.inetutils" daemon [_thread_blocked, id=38228, stack(0x000000aa23b00000,0x000000aa23c00000)]
  0x000001c5c7bdc050 JavaThread "AsyncResolver-bootstrap-0" daemon [_thread_blocked, id=26716, stack(0x000000aa23c00000,0x000000aa23d00000)]
  0x000001c5c7bddae0 JavaThread "DiscoveryClient-0" daemon [_thread_blocked, id=38724, stack(0x000000aa24000000,0x000000aa24100000)]
  0x000001c5c7bde030 JavaThread "DiscoveryClient-1" daemon [_thread_blocked, id=39404, stack(0x000000aa24100000,0x000000aa24200000)]
  0x000001c5c7bdb060 JavaThread "DiscoveryClient-InstanceInfoReplicator-0" daemon [_thread_blocked, id=27076, stack(0x000000aa24200000,0x000000aa24300000)]
  0x000001c5c7bdcaf0 JavaThread "http-nio-7013-exec-1" daemon [_thread_blocked, id=12720, stack(0x000000aa24300000,0x000000aa24400000)]
  0x000001c5c7bdc5a0 JavaThread "http-nio-7013-exec-2" daemon [_thread_blocked, id=9324, stack(0x000000aa24400000,0x000000aa24500000)]
  0x000001c5c7bdd040 JavaThread "http-nio-7013-exec-3" daemon [_thread_blocked, id=20908, stack(0x000000aa24500000,0x000000aa24600000)]
  0x000001c5c7bde580 JavaThread "http-nio-7013-exec-4" daemon [_thread_blocked, id=26524, stack(0x000000aa24600000,0x000000aa24700000)]
  0x000001c5ca414f70 JavaThread "http-nio-7013-exec-5" daemon [_thread_blocked, id=28204, stack(0x000000aa24700000,0x000000aa24800000)]
  0x000001c5ca4144d0 JavaThread "http-nio-7013-exec-6" daemon [_thread_blocked, id=11536, stack(0x000000aa24800000,0x000000aa24900000)]
  0x000001c5ca412a40 JavaThread "http-nio-7013-exec-7" daemon [_thread_blocked, id=27344, stack(0x000000aa24900000,0x000000aa24a00000)]
  0x000001c5ca410510 JavaThread "http-nio-7013-exec-8" daemon [_thread_blocked, id=21692, stack(0x000000aa24a00000,0x000000aa24b00000)]
  0x000001c5ca413a30 JavaThread "http-nio-7013-exec-9" daemon [_thread_blocked, id=41784, stack(0x000000aa24b00000,0x000000aa24c00000)]
  0x000001c5ca411500 JavaThread "http-nio-7013-exec-10" daemon [_thread_blocked, id=24184, stack(0x000000aa24c00000,0x000000aa24d00000)]
  0x000001c5ca4154c0 JavaThread "http-nio-7013-Poller" daemon [_thread_in_native, id=22996, stack(0x000000aa24d00000,0x000000aa24e00000)]
  0x000001c5ca410fb0 JavaThread "http-nio-7013-Acceptor" daemon [_thread_in_native, id=16724, stack(0x000000aa24e00000,0x000000aa24f00000)]
  0x000001c5ca415f60 JavaThread "DestroyJavaVM" [_thread_blocked, id=13396, stack(0x000000aa20f00000,0x000000aa21000000)]
  0x000001c5ca4134e0 JavaThread "DiscoveryClient-CacheRefreshExecutor-0" daemon [_thread_blocked, id=35300, stack(0x000000aa22600000,0x000000aa22700000)]
  0x000001c5ca415a10 JavaThread "DiscoveryClient-HeartbeatExecutor-0" daemon [_thread_blocked, id=24060, stack(0x000000aa23300000,0x000000aa23400000)]
  0x000001c5ca40efd0 JavaThread "Keep-Alive-Timer" daemon [_thread_blocked, id=40756, stack(0x000000aa20c00000,0x000000aa20d00000)]
=>0x000001c5c5c87480 JavaThread "C2 CompilerThread1" daemon [_thread_in_native, id=35128, stack(0x000000aa20d00000,0x000000aa20e00000)]
  0x000001c5c82f9460 JavaThread "C1 CompilerThread1" daemon [_thread_blocked, id=32784, stack(0x000000aa20e00000,0x000000aa20f00000)]
  0x000001c5c69c4530 JavaThread "C1 CompilerThread2" daemon [_thread_blocked, id=35420, stack(0x000000aa23600000,0x000000aa23700000)]
  0x000001c5c7c574d0 JavaThread "C2 CompilerThread2" daemon [_thread_blocked, id=41928, stack(0x000000aa23d00000,0x000000aa23e00000)]
  0x000001c5c8d85730 JavaThread "C1 CompilerThread3" daemon [_thread_blocked, id=17796, stack(0x000000aa23e00000,0x000000aa23f00000)]
  0x000001c5c7f288a0 JavaThread "C2 CompilerThread3" daemon [_thread_blocked, id=27720, stack(0x000000aa23f00000,0x000000aa24000000)]
  0x000001c5c76220d0 JavaThread "C2 CompilerThread4" daemon [_thread_blocked, id=21148, stack(0x000000aa24f00000,0x000000aa25000000)]

Other Threads:
  0x000001c5f8ed56c0 VMThread "VM Thread" [stack: 0x000000aa21500000,0x000000aa21600000] [id=19848]
  0x000001c5c528bc70 WatcherThread "VM Periodic Task Thread" [stack: 0x000000aa22400000,0x000000aa22500000] [id=22644]
  0x000001c5d7bd8e00 WorkerThread "GC Thread#0" [stack: 0x000000aa21000000,0x000000aa21100000] [id=21024]
  0x000001c5c5e82230 WorkerThread "GC Thread#1" [stack: 0x000000aa22800000,0x000000aa22900000] [id=28084]
  0x000001c5c5e82500 WorkerThread "GC Thread#2" [stack: 0x000000aa22900000,0x000000aa22a00000] [id=22088]
  0x000001c5c5e835e0 WorkerThread "GC Thread#3" [stack: 0x000000aa22a00000,0x000000aa22b00000] [id=24516]
  0x000001c5c5e83e50 WorkerThread "GC Thread#4" [stack: 0x000000aa22b00000,0x000000aa22c00000] [id=27756]
  0x000001c5c5e827d0 WorkerThread "GC Thread#5" [stack: 0x000000aa22c00000,0x000000aa22d00000] [id=30316]
  0x000001c5c5e83b80 WorkerThread "GC Thread#6" [stack: 0x000000aa22d00000,0x000000aa22e00000] [id=28036]
  0x000001c5c5e838b0 WorkerThread "GC Thread#7" [stack: 0x000000aa22e00000,0x000000aa22f00000] [id=34444]
  0x000001c5c5e82aa0 WorkerThread "GC Thread#8" [stack: 0x000000aa22f00000,0x000000aa23000000] [id=15372]
  0x000001c5c5e82d70 WorkerThread "GC Thread#9" [stack: 0x000000aa23000000,0x000000aa23100000] [id=22292]
  0x000001c5c634bb00 WorkerThread "GC Thread#10" [stack: 0x000000aa22700000,0x000000aa22800000] [id=17252]
  0x000001c5c6349670 WorkerThread "GC Thread#11" [stack: 0x000000aa23100000,0x000000aa23200000] [id=27208]
  0x000001c5c634a750 WorkerThread "GC Thread#12" [stack: 0x000000aa23200000,0x000000aa23300000] [id=7636]
  0x000001c5f8ceaab0 ConcurrentGCThread "G1 Main Marker" [stack: 0x000000aa21100000,0x000000aa21200000] [id=13368]
  0x000001c5f8ceb4e0 WorkerThread "G1 Conc#0" [stack: 0x000000aa21200000,0x000000aa21300000] [id=27852]
  0x000001c5c634aa20 WorkerThread "G1 Conc#1" [stack: 0x000000aa23400000,0x000000aa23500000] [id=31944]
  0x000001c5c634acf0 WorkerThread "G1 Conc#2" [stack: 0x000000aa23700000,0x000000aa23800000] [id=37972]
  0x000001c5f8d8e190 ConcurrentGCThread "G1 Refine#0" [stack: 0x000000aa21300000,0x000000aa21400000] [id=3204]
  0x000001c5f8d8fc40 ConcurrentGCThread "G1 Service" [stack: 0x000000aa21400000,0x000000aa21500000] [id=32444]

Threads with active compile tasks:
C2 CompilerThread1    94259 7060       4       org.springframework.core.annotation.AnnotationsScanner::scan (21 bytes)

VM state: not at safepoint (normal execution)

VM Mutex/Monitor currently owned by a thread: None

Heap address: 0x0000000644c00000, size: 7092 MB, Compressed Oops mode: Zero based, Oop shift amount: 3

CDS archive(s) mapped at: [0x000001c580000000-0x000001c580c60000-0x000001c580c60000), size 12976128, SharedBaseAddress: 0x000001c580000000, ArchiveRelocationMode: 1.
Compressed class space mapped at: 0x000001c581000000-0x000001c5c1000000, reserved size: 1073741824
Narrow klass base: 0x000001c580000000, Narrow klass shift: 0, Narrow klass range: 0x100000000

GC Precious Log:
 CardTable entry size: 512
 Card Set container configuration: InlinePtr #cards 4 size 8 Array Of Cards #cards 32 size 80 Howl #buckets 8 coarsen threshold 7372 Howl Bitmap #cards 1024 size 144 coarsen threshold 921 Card regions per heap region 1 cards per card region 8192
 CPUs: 16 total, 16 available
 Memory: 28356M
 Large Page Support: Disabled
 NUMA Support: Disabled
 Compressed Oops: Enabled (Zero based)
 Heap Region Size: 4M
 Heap Min Capacity: 8M
 Heap Initial Capacity: 444M
 Heap Max Capacity: 7092M
 Pre-touch: Disabled
 Parallel Workers: 13
 Concurrent Workers: 3
 Concurrent Refinement Workers: 13
 Periodic GC: Disabled

Heap:
 garbage-first heap   total 86016K, used 37101K [0x0000000644c00000, 0x0000000800000000)
  region size 4096K, 5 young (20480K), 2 survivors (8192K)
 Metaspace       used 54365K, committed 55040K, reserved 1114112K
  class space    used 6821K, committed 7104K, reserved 1048576K

Heap Regions: E=young(eden), S=young(survivor), O=old, HS=humongous(starts), HC=humongous(continues), CS=collection set, F=free, OA=open archive, CA=closed archive, TAMS=top-at-mark-start, PB=parsable bottom
|   0|0x0000000644c00000, 0x0000000645000000, 0x0000000645000000|100%| O|  |TAMS 0x0000000644c00000| PB 0x0000000644c00000| Untracked 
|   1|0x0000000645000000, 0x000000064503b400, 0x0000000645400000|  5%| O|  |TAMS 0x0000000645000000| PB 0x0000000645000000| Untracked 
|   2|0x0000000645400000, 0x0000000645800000, 0x0000000645800000|100%| O|  |TAMS 0x0000000645400000| PB 0x0000000645400000| Untracked 
|   3|0x0000000645800000, 0x0000000645c00000, 0x0000000645c00000|100%| O|  |TAMS 0x0000000645800000| PB 0x0000000645800000| Untracked 
|   4|0x0000000645c00000, 0x0000000646000000, 0x0000000646000000|100%| O|  |TAMS 0x0000000645c00000| PB 0x0000000645c00000| Untracked 
|   5|0x0000000646000000, 0x0000000646400000, 0x0000000646400000|100%| O|  |TAMS 0x0000000646000000| PB 0x0000000646000000| Untracked 
|   6|0x0000000646400000, 0x0000000646400000, 0x0000000646800000|  0%| F|  |TAMS 0x0000000646400000| PB 0x0000000646400000| Untracked 
|   7|0x0000000646800000, 0x0000000646800000, 0x0000000646c00000|  0%| F|  |TAMS 0x0000000646800000| PB 0x0000000646800000| Untracked 
|   8|0x0000000646c00000, 0x0000000646c00000, 0x0000000647000000|  0%| F|  |TAMS 0x0000000646c00000| PB 0x0000000646c00000| Untracked 
|   9|0x0000000647000000, 0x0000000647400000, 0x0000000647400000|100%| S|CS|TAMS 0x0000000647000000| PB 0x0000000647000000| Complete 
|  10|0x0000000647400000, 0x0000000647800000, 0x0000000647800000|100%| S|CS|TAMS 0x0000000647400000| PB 0x0000000647400000| Complete 
|  11|0x0000000647800000, 0x0000000647800000, 0x0000000647c00000|  0%| F|  |TAMS 0x0000000647800000| PB 0x0000000647800000| Untracked 
|  12|0x0000000647c00000, 0x0000000647c00000, 0x0000000648000000|  0%| F|  |TAMS 0x0000000647c00000| PB 0x0000000647c00000| Untracked 
|  13|0x0000000648000000, 0x0000000648000000, 0x0000000648400000|  0%| F|  |TAMS 0x0000000648000000| PB 0x0000000648000000| Untracked 
|  14|0x0000000648400000, 0x0000000648400000, 0x0000000648800000|  0%| F|  |TAMS 0x0000000648400000| PB 0x0000000648400000| Untracked 
|  15|0x0000000648800000, 0x0000000648800000, 0x0000000648c00000|  0%| F|  |TAMS 0x0000000648800000| PB 0x0000000648800000| Untracked 
|  16|0x0000000648c00000, 0x0000000648c00000, 0x0000000649000000|  0%| F|  |TAMS 0x0000000648c00000| PB 0x0000000648c00000| Untracked 
|  17|0x0000000649000000, 0x0000000649000000, 0x0000000649400000|  0%| F|  |TAMS 0x0000000649000000| PB 0x0000000649000000| Untracked 
| 102|0x000000065e400000, 0x000000065e63e1d0, 0x000000065e800000| 56%| E|  |TAMS 0x000000065e400000| PB 0x000000065e400000| Complete 
| 103|0x000000065e800000, 0x000000065ec00000, 0x000000065ec00000|100%| E|CS|TAMS 0x000000065e800000| PB 0x000000065e800000| Complete 
| 110|0x0000000660400000, 0x0000000660800000, 0x0000000660800000|100%| E|CS|TAMS 0x0000000660400000| PB 0x0000000660400000| Complete 

Card table byte_map: [0x000001c5f0250000,0x000001c5f1030000] _byte_map_base: 0x000001c5ed02a000

Marking Bits: (CMBitMap*) 0x000001c5d7bd9430
 Bits: [0x000001c5f1e10000, 0x000001c5f8ce0000)

Polling page: 0x000001c5d5ae0000

Metaspace:

Usage:
  Non-class:     46.43 MB used.
      Class:      6.66 MB used.
       Both:     53.09 MB used.

Virtual space:
  Non-class space:       64.00 MB reserved,      46.81 MB ( 73%) committed,  1 nodes.
      Class space:        1.00 GB reserved,       6.94 MB ( <1%) committed,  1 nodes.
             Both:        1.06 GB reserved,      53.75 MB (  5%) committed. 

Chunk freelists:
   Non-Class:  1.02 MB
       Class:  992.00 KB
        Both:  1.98 MB

MaxMetaspaceSize: unlimited
CompressedClassSpaceSize: 1.00 GB
Initial GC threshold: 21.00 MB
Current GC threshold: 59.31 MB
CDS: on
MetaspaceReclaimPolicy: balanced
 - commit_granule_bytes: 65536.
 - commit_granule_words: 8192.
 - virtual_space_node_default_size: 8388608.
 - enlarge_chunks_in_place: 1.
 - new_chunks_are_fully_committed: 0.
 - uncommit_free_chunks: 1.
 - use_allocation_guard: 0.


Internal statistics:

num_allocs_failed_limit: 9.
num_arena_births: 916.
num_arena_deaths: 0.
num_vsnodes_births: 2.
num_vsnodes_deaths: 0.
num_space_committed: 860.
num_space_uncommitted: 0.
num_chunks_returned_to_freelist: 9.
num_chunks_taken_from_freelist: 2723.
num_chunk_merges: 9.
num_chunk_splits: 1874.
num_chunks_enlarged: 1411.
num_inconsistent_stats: 0.

CodeHeap 'non-profiled nmethods': size=119168Kb used=4366Kb max_used=4366Kb free=114801Kb
 bounds [0x000001c5e7790000, 0x000001c5e7be0000, 0x000001c5eebf0000]
CodeHeap 'profiled nmethods': size=119104Kb used=14426Kb max_used=14426Kb free=104677Kb
 bounds [0x000001c5dfbf0000, 0x000001c5e0a10000, 0x000001c5e7040000]
CodeHeap 'non-nmethods': size=7488Kb used=3460Kb max_used=3493Kb free=4027Kb
 bounds [0x000001c5e7040000, 0x000001c5e7420000, 0x000001c5e7790000]
 total_blobs=7280 nmethods=6596 adapters=591
 compilation: enabled
              stopped_count=0, restarted_count=0
 full_count=0

Compilation events (20 events):
Event: 94.046 Thread 0x000001c5c7f288a0 7119       4       java.util.TreeMap$PrivateEntryIterator::nextEntry (54 bytes)
Event: 94.046 Thread 0x000001c5c50226a0 7120       4       java.util.regex.Pattern$$Lambda$759/0x000001c581461dd8::is (13 bytes)
Event: 94.048 Thread 0x000001c5c69c4530 7121       3       jakarta.servlet.http.HttpServletRequestWrapper::getHeaders (11 bytes)
Event: 94.048 Thread 0x000001c5c69c4530 nmethod 7121 0x000001c5e0a02e10 code [0x000001c5e0a02fc0, 0x000001c5e0a03328]
Event: 94.050 Thread 0x000001c5c7c574d0 7122       4       java.util.regex.CharPredicates$$Lambda$757/0x000001c581461938::is (5 bytes)
Event: 94.050 Thread 0x000001c5c76220d0 7123       4       java.util.regex.CharPredicates$$Lambda$758/0x000001c581461b88::is (5 bytes)
Event: 94.050 Thread 0x000001c5c502b300 7124       3       org.apache.tomcat.util.http.MimeHeaders::setValue (102 bytes)
Event: 94.050 Thread 0x000001c5c50226a0 nmethod 7120 0x000001c5e7bd1e10 code [0x000001c5e7bd1fc0, 0x000001c5e7bd2348]
Event: 94.051 Thread 0x000001c5c7f288a0 nmethod 7119 0x000001c5e7bd2710 code [0x000001c5e7bd2880, 0x000001c5e7bd2bb8]
Event: 94.052 Thread 0x000001c5c502b300 nmethod 7124 0x000001c5e0a03490 code [0x000001c5e0a036c0, 0x000001c5e0a03de0]
Event: 94.052 Thread 0x000001c5c76220d0 nmethod 7123 0x000001c5e7bd2d10 code [0x000001c5e7bd2ea0, 0x000001c5e7bd3040]
Event: 94.052 Thread 0x000001c5c8d85730 7125       3       jakarta.servlet.http.HttpServletResponseWrapper::containsHeader (11 bytes)
Event: 94.053 Thread 0x000001c5c7c574d0 nmethod 7122 0x000001c5e7bd3210 code [0x000001c5e7bd33a0, 0x000001c5e7bd3548]
Event: 94.053 Thread 0x000001c5c8d85730 nmethod 7125 0x000001c5e0a04190 code [0x000001c5e0a04340, 0x000001c5e0a046a8]
Event: 94.053 Thread 0x000001c5c502b300 7126       1       org.apache.coyote.AbstractProtocol::getEndpoint (5 bytes)
Event: 94.053 Thread 0x000001c5c502b300 nmethod 7126 0x000001c5e7bd3710 code [0x000001c5e7bd3880, 0x000001c5e7bd3950]
Event: 94.053 Thread 0x000001c5c8d85730 7127       3       java.util.Calendar::getDisplayName (165 bytes)
Event: 94.053 Thread 0x000001c5c502b300 7128       3       java.util.Calendar::checkDisplayNameParams (67 bytes)
Event: 94.054 Thread 0x000001c5c502b300 nmethod 7128 0x000001c5e0a04810 code [0x000001c5e0a04a00, 0x000001c5e0a04ff0]
Event: 94.055 Thread 0x000001c5c8d85730 nmethod 7127 0x000001c5e0a05210 code [0x000001c5e0a054c0, 0x000001c5e0a063b0]

GC Heap History (18 events):
Event: 1.254 GC heap before
{Heap before GC invocations=0 (full 0):
 garbage-first heap   total 454656K, used 16384K [0x0000000644c00000, 0x0000000800000000)
  region size 4096K, 5 young (20480K), 0 survivors (0K)
 Metaspace       used 3935K, committed 4096K, reserved 1114112K
  class space    used 415K, committed 512K, reserved 1048576K
}
Event: 1.257 GC heap after
{Heap after GC invocations=1 (full 0):
 garbage-first heap   total 454656K, used 7178K [0x0000000644c00000, 0x0000000800000000)
  region size 4096K, 1 young (4096K), 1 survivors (4096K)
 Metaspace       used 3935K, committed 4096K, reserved 1114112K
  class space    used 415K, committed 512K, reserved 1048576K
}
Event: 1.985 GC heap before
{Heap before GC invocations=1 (full 0):
 garbage-first heap   total 454656K, used 23562K [0x0000000644c00000, 0x0000000800000000)
  region size 4096K, 5 young (20480K), 1 survivors (4096K)
 Metaspace       used 8324K, committed 8576K, reserved 1114112K
  class space    used 991K, committed 1088K, reserved 1048576K
}
Event: 1.988 GC heap after
{Heap after GC invocations=2 (full 0):
 garbage-first heap   total 454656K, used 8663K [0x0000000644c00000, 0x0000000800000000)
  region size 4096K, 1 young (4096K), 1 survivors (4096K)
 Metaspace       used 8324K, committed 8576K, reserved 1114112K
  class space    used 991K, committed 1088K, reserved 1048576K
}
Event: 2.992 GC heap before
{Heap before GC invocations=2 (full 0):
 garbage-first heap   total 454656K, used 53719K [0x0000000644c00000, 0x0000000800000000)
  region size 4096K, 12 young (49152K), 1 survivors (4096K)
 Metaspace       used 17783K, committed 17984K, reserved 1114112K
  class space    used 2094K, committed 2176K, reserved 1048576K
}
Event: 2.996 GC heap after
{Heap after GC invocations=3 (full 0):
 garbage-first heap   total 454656K, used 12704K [0x0000000644c00000, 0x0000000800000000)
  region size 4096K, 2 young (8192K), 2 survivors (8192K)
 Metaspace       used 17783K, committed 17984K, reserved 1114112K
  class space    used 2094K, committed 2176K, reserved 1048576K
}
Event: 3.892 GC heap before
{Heap before GC invocations=3 (full 0):
 garbage-first heap   total 454656K, used 37280K [0x0000000644c00000, 0x0000000800000000)
  region size 4096K, 9 young (36864K), 2 survivors (8192K)
 Metaspace       used 21159K, committed 21504K, reserved 1114112K
  class space    used 2528K, committed 2688K, reserved 1048576K
}
Event: 3.896 GC heap after
{Heap after GC invocations=4 (full 0):
 garbage-first heap   total 454656K, used 14615K [0x0000000644c00000, 0x0000000800000000)
  region size 4096K, 2 young (8192K), 2 survivors (8192K)
 Metaspace       used 21159K, committed 21504K, reserved 1114112K
  class space    used 2528K, committed 2688K, reserved 1048576K
}
Event: 7.686 GC heap before
{Heap before GC invocations=5 (full 0):
 garbage-first heap   total 69632K, used 67863K [0x0000000644c00000, 0x0000000800000000)
  region size 4096K, 15 young (61440K), 2 survivors (8192K)
 Metaspace       used 34483K, committed 34880K, reserved 1114112K
  class space    used 4114K, committed 4288K, reserved 1048576K
}
Event: 7.694 GC heap after
{Heap after GC invocations=6 (full 0):
 garbage-first heap   total 86016K, used 19688K [0x0000000644c00000, 0x0000000800000000)
  region size 4096K, 4 young (16384K), 4 survivors (16384K)
 Metaspace       used 34483K, committed 34880K, reserved 1114112K
  class space    used 4114K, committed 4288K, reserved 1048576K
}
Event: 7.877 GC heap before
{Heap before GC invocations=6 (full 0):
 garbage-first heap   total 86016K, used 27880K [0x0000000644c00000, 0x0000000800000000)
  region size 4096K, 7 young (28672K), 4 survivors (16384K)
 Metaspace       used 35532K, committed 35968K, reserved 1114112K
  class space    used 4264K, committed 4480K, reserved 1048576K
}
Event: 7.885 GC heap after
{Heap after GC invocations=7 (full 0):
 garbage-first heap   total 86016K, used 21286K [0x0000000644c00000, 0x0000000800000000)
  region size 4096K, 1 young (4096K), 1 survivors (4096K)
 Metaspace       used 35532K, committed 35968K, reserved 1114112K
  class space    used 4264K, committed 4480K, reserved 1048576K
}
Event: 7.919 GC heap before
{Heap before GC invocations=7 (full 0):
 garbage-first heap   total 86016K, used 21286K [0x0000000644c00000, 0x0000000800000000)
  region size 4096K, 2 young (8192K), 1 survivors (4096K)
 Metaspace       used 35765K, committed 36288K, reserved 1114112K
  class space    used 4293K, committed 4544K, reserved 1048576K
}
Event: 7.921 GC heap after
{Heap after GC invocations=8 (full 0):
 garbage-first heap   total 86016K, used 20373K [0x0000000644c00000, 0x0000000800000000)
  region size 4096K, 1 young (4096K), 1 survivors (4096K)
 Metaspace       used 35765K, committed 36288K, reserved 1114112K
  class space    used 4293K, committed 4544K, reserved 1048576K
}
Event: 9.873 GC heap before
{Heap before GC invocations=9 (full 0):
 garbage-first heap   total 86016K, used 65429K [0x0000000644c00000, 0x0000000800000000)
  region size 4096K, 12 young (49152K), 1 survivors (4096K)
 Metaspace       used 43590K, committed 44224K, reserved 1114112K
  class space    used 5460K, committed 5760K, reserved 1048576K
}
Event: 9.877 GC heap after
{Heap after GC invocations=10 (full 0):
 garbage-first heap   total 86016K, used 24083K [0x0000000644c00000, 0x0000000800000000)
  region size 4096K, 2 young (8192K), 2 survivors (8192K)
 Metaspace       used 43590K, committed 44224K, reserved 1114112K
  class space    used 5460K, committed 5760K, reserved 1048576K
}
Event: 93.363 GC heap before
{Heap before GC invocations=10 (full 0):
 garbage-first heap   total 86016K, used 65043K [0x0000000644c00000, 0x0000000800000000)
  region size 4096K, 12 young (49152K), 2 survivors (8192K)
 Metaspace       used 52798K, committed 53376K, reserved 1114112K
  class space    used 6673K, committed 6912K, reserved 1048576K
}
Event: 93.376 GC heap after
{Heap after GC invocations=11 (full 0):
 garbage-first heap   total 86016K, used 28909K [0x0000000644c00000, 0x0000000800000000)
  region size 4096K, 2 young (8192K), 2 survivors (8192K)
 Metaspace       used 52798K, committed 53376K, reserved 1114112K
  class space    used 6673K, committed 6912K, reserved 1048576K
}

Dll operation events (11 events):
Event: 0.008 Loaded shared library C:\Program Files\Java\jdk-20\bin\java.dll
Event: 0.399 Loaded shared library C:\Program Files\Java\jdk-20\bin\jsvml.dll
Event: 0.622 Loaded shared library C:\Program Files\Java\jdk-20\bin\net.dll
Event: 0.623 Loaded shared library C:\Program Files\Java\jdk-20\bin\nio.dll
Event: 0.630 Loaded shared library C:\Program Files\Java\jdk-20\bin\zip.dll
Event: 0.921 Loaded shared library C:\Program Files\Java\jdk-20\bin\jimage.dll
Event: 4.847 Loaded shared library C:\Program Files\Java\jdk-20\bin\sunmscapi.dll
Event: 4.876 Loaded shared library C:\Program Files\Java\jdk-20\bin\management.dll
Event: 4.879 Loaded shared library C:\Program Files\Java\jdk-20\bin\management_ext.dll
Event: 5.464 Loaded shared library C:\Program Files\Java\jdk-20\bin\extnet.dll
Event: 10.196 Loaded shared library C:\Program Files\Java\jdk-20\bin\verify.dll

Deoptimization events (20 events):
Event: 93.545 Thread 0x000001c5ca413a30 Uncommon trap: trap_request=0xffffff45 fr.pc=0x000001c5e7b9dbd8 relative=0x0000000000001ad8
Event: 93.545 Thread 0x000001c5ca413a30 Uncommon trap: reason=unstable_if action=reinterpret pc=0x000001c5e7b9dbd8 method=org.unbescape.html.HtmlEscapeSymbols.<init>(Lorg/unbescape/html/HtmlEscapeSymbols$References;[B)V @ 423 c2
Event: 93.545 Thread 0x000001c5ca413a30 DEOPT PACKING pc=0x000001c5e7b9dbd8 sp=0x000000aa24bf9910
Event: 93.545 Thread 0x000001c5ca413a30 DEOPT UNPACKING pc=0x000001c5e70a9d22 sp=0x000000aa24bf9958 mode 2
Event: 93.658 Thread 0x000001c5c7bdd040 Uncommon trap: trap_request=0xffffffde fr.pc=0x000001c5e7ab2614 relative=0x0000000000000ff4
Event: 93.658 Thread 0x000001c5c7bdd040 Uncommon trap: reason=class_check action=maybe_recompile pc=0x000001c5e7ab2614 method=java.util.concurrent.ConcurrentHashMap.putVal(Ljava/lang/Object;Ljava/lang/Object;Z)Ljava/lang/Object; @ 159 c2
Event: 93.658 Thread 0x000001c5c7bdd040 DEOPT PACKING pc=0x000001c5e7ab2614 sp=0x000000aa245faf60
Event: 93.659 Thread 0x000001c5c7bde580 Uncommon trap: trap_request=0xffffffde fr.pc=0x000001c5e7ab2614 relative=0x0000000000000ff4
Event: 93.659 Thread 0x000001c5c7bdd040 DEOPT UNPACKING pc=0x000001c5e70a9d22 sp=0x000000aa245faf10 mode 2
Event: 93.659 Thread 0x000001c5c7bde580 Uncommon trap: reason=class_check action=maybe_recompile pc=0x000001c5e7ab2614 method=java.util.concurrent.ConcurrentHashMap.putVal(Ljava/lang/Object;Ljava/lang/Object;Z)Ljava/lang/Object; @ 159 c2
Event: 93.659 Thread 0x000001c5c7bde580 DEOPT PACKING pc=0x000001c5e7ab2614 sp=0x000000aa246fa260
Event: 93.659 Thread 0x000001c5c7bde580 DEOPT UNPACKING pc=0x000001c5e70a9d22 sp=0x000000aa246fa210 mode 2
Event: 93.668 Thread 0x000001c5c7bdd040 DEOPT PACKING pc=0x000001c5e0769b44 sp=0x000000aa245fb6e0
Event: 93.668 Thread 0x000001c5ca411500 Uncommon trap: trap_request=0xffffff45 fr.pc=0x000001c5e79df3d0 relative=0x00000000000002b0
Event: 93.668 Thread 0x000001c5ca411500 Uncommon trap: reason=unstable_if action=reinterpret pc=0x000001c5e79df3d0 method=java.util.concurrent.ConcurrentHashMap.get(Ljava/lang/Object;)Ljava/lang/Object; @ 86 c2
Event: 93.668 Thread 0x000001c5c7bdd040 DEOPT UNPACKING pc=0x000001c5e70aa4c2 sp=0x000000aa245fac10 mode 0
Event: 93.668 Thread 0x000001c5ca411500 DEOPT PACKING pc=0x000001c5e79df3d0 sp=0x000000aa24cfb630
Event: 93.668 Thread 0x000001c5ca411500 DEOPT UNPACKING pc=0x000001c5e70a9d22 sp=0x000000aa24cfb5b8 mode 2
Event: 93.858 Thread 0x000001c5c7bde580 DEOPT PACKING pc=0x000001c5e0769b44 sp=0x000000aa246facd0
Event: 93.858 Thread 0x000001c5c7bde580 DEOPT UNPACKING pc=0x000001c5e70aa4c2 sp=0x000000aa246fa200 mode 0

Classes loaded (20 events):
Event: 93.206 Loading class java/util/EnumMap$EntryIterator$Entry
Event: 93.206 Loading class java/util/EnumMap$EntryIterator$Entry done
Event: 93.289 Loading class java/io/PrintWriter$1
Event: 93.289 Loading class jdk/internal/access/JavaIOPrintWriterAccess
Event: 93.289 Loading class jdk/internal/access/JavaIOPrintWriterAccess done
Event: 93.289 Loading class java/io/PrintWriter$1 done
Event: 93.652 Loading class java/util/concurrent/locks/ReentrantReadWriteLock$Sync$HoldCounter
Event: 93.652 Loading class java/util/concurrent/locks/ReentrantReadWriteLock$Sync$HoldCounter done
Event: 93.662 Loading class java/util/ArrayList$SubList$2
Event: 93.662 Loading class java/util/ArrayList$SubList$2 done
Event: 93.956 Loading class sun/nio/cs/US_ASCII$Decoder
Event: 93.956 Loading class sun/nio/cs/US_ASCII$Decoder done
Event: 93.985 Loading class java/util/stream/LongStream
Event: 93.986 Loading class java/util/stream/LongStream done
Event: 93.986 Loading class java/util/stream/DoubleStream
Event: 93.987 Loading class java/util/stream/DoubleStream done
Event: 93.988 Loading class java/io/ObjectOutputStream
Event: 93.988 Loading class java/io/ObjectOutput
Event: 93.988 Loading class java/io/ObjectOutput done
Event: 93.988 Loading class java/io/ObjectOutputStream done

Classes unloaded (0 events):
No events

Classes redefined (0 events):
No events

Internal exceptions (20 events):
Event: 9.673 Thread 0x000001c5d7b37fe0 Exception <a 'java/lang/NoSuchMethodError'{0x0000000647778278}: 'java.lang.Object java.lang.invoke.DirectMethodHandle$Holder.invokeVirtual(java.lang.Object, java.lang.Object, java.lang.Object, java.lang.Object, java.lang.Object, java.lang.Object, java.lang.Object)'> (0x0000000647778278) 
thrown [s\open\src\hotspot\share\interpreter\linkResolver.cpp, line 773]
Event: 9.747 Thread 0x000001c5d7b37fe0 Exception <a 'java/lang/IncompatibleClassChangeError'{0x00000006470d01d8}: Found class java.lang.Object, but interface was expected> (0x00000006470d01d8) 
thrown [s\open\src\hotspot\share\interpreter\linkResolver.cpp, line 840]
Event: 9.805 Thread 0x000001c5d7b37fe0 Implicit null exception at 0x000001c5e78d8a91 to 0x000001c5e78d93ac
Event: 10.681 Thread 0x000001c5d7b37fe0 Exception <a 'java/lang/NoSuchMethodError'{0x000000064918e3c8}: 'long java.lang.invoke.DirectMethodHandle$Holder.invokeStatic(java.lang.Object, java.lang.Object, int)'> (0x000000064918e3c8) 
thrown [s\open\src\hotspot\share\interpreter\linkResolver.cpp, line 773]
Event: 10.683 Thread 0x000001c5d7b37fe0 Exception <a 'java/lang/NoSuchMethodError'{0x0000000649198eb8}: 'java.lang.Object java.lang.invoke.DelegatingMethodHandle$Holder.reinvoke_L(java.lang.Object, int, int, long, java.lang.Object, long, long, long)'> (0x0000000649198eb8) 
thrown [s\open\src\hotspot\share\interpreter\linkResolver.cpp, line 773]
Event: 10.687 Thread 0x000001c5d7b37fe0 Exception <a 'java/lang/NoSuchMethodError'{0x00000006491bc470}: 'java.lang.Object java.lang.invoke.DelegatingMethodHandle$Holder.reinvoke_L(java.lang.Object, java.lang.Object, java.lang.Object, java.lang.Object, java.lang.Object, java.lang.Object, java.lang.Object, java.lang.Object, java.lang.Object, java.lang.Object, java.lang.Object, java.lang.Object, java.lang.Object, java.lang.Object, int, java.lang.Object, java.lang.Object, java.lang.Object, java.lang.Object, java.lang.Object, java.lang.Object, java.l
Event: 10.694 Thread 0x000001c5d7b37fe0 Exception <a 'java/lang/NoSuchMethodError'{0x0000000649211340}: 'java.lang.Object java.lang.invoke.DirectMethodHandle$Holder.invokeStatic(java.lang.Object, java.lang.Object, java.lang.Object, java.lang.Object, java.lang.Object, java.lang.Object, java.lang.Object, java.lang.Object, java.lang.Object, java.lang.Object, java.lang.Object, java.lang.Object, java.lang.Object)'> (0x0000000649211340) 
thrown [s\open\src\hotspot\share\interpreter\linkResolver.cpp, line 773]
Event: 10.697 Thread 0x000001c5d7b37fe0 Exception <a 'java/lang/NoSuchMethodError'{0x0000000649232588}: 'java.lang.Object java.lang.invoke.DirectMethodHandle$Holder.invokeStatic(java.lang.Object, java.lang.Object, java.lang.Object, java.lang.Object, java.lang.Object, java.lang.Object, java.lang.Object, java.lang.Object, java.lang.Object, java.lang.Object, java.lang.Object, java.lang.Object, java.lang.Object, java.lang.Object)'> (0x0000000649232588) 
thrown [s\open\src\hotspot\share\interpreter\linkResolver.cpp, line 773]
Event: 10.699 Thread 0x000001c5d7b37fe0 Exception <a 'java/lang/NoSuchMethodError'{0x00000006492482a0}: 'java.lang.Object java.lang.invoke.DelegatingMethodHandle$Holder.reinvoke_L(java.lang.Object, java.lang.Object, java.lang.Object, java.lang.Object, java.lang.Object, java.lang.Object, java.lang.Object, java.lang.Object, java.lang.Object, java.lang.Object, java.lang.Object, java.lang.Object, java.lang.Object, java.lang.Object, java.lang.Object, java.lang.Object, java.lang.Object, java.lang.Object, java.lang.Object, java.lang.Object, java.lang.O
Event: 10.866 Thread 0x000001c5c7bdb060 Exception <a 'java/lang/NoSuchMethodError'{0x00000006488054a8}: 'long java.lang.invoke.DelegatingMethodHandle$Holder.reinvoke_L(java.lang.Object, java.lang.Object)'> (0x00000006488054a8) 
thrown [s\open\src\hotspot\share\interpreter\linkResolver.cpp, line 773]
Event: 55.713 Thread 0x000001c5c7bdcaf0 Exception <a 'java/lang/NoSuchMethodError'{0x0000000648ae7588}: 'java.lang.Object java.lang.invoke.DirectMethodHandle$Holder.invokeSpecial(java.lang.Object, java.lang.Object, java.lang.Object, java.lang.Object, java.lang.Object, long)'> (0x0000000648ae7588) 
thrown [s\open\src\hotspot\share\interpreter\linkResolver.cpp, line 773]
Event: 55.713 Thread 0x000001c5c7bdcaf0 Exception <a 'java/lang/NoSuchMethodError'{0x0000000648aead48}: 'java.lang.Object java.lang.invoke.Invokers$Holder.linkToTargetMethod(java.lang.Object, java.lang.Object, java.lang.Object, long, java.lang.Object)'> (0x0000000648aead48) 
thrown [s\open\src\hotspot\share\interpreter\linkResolver.cpp, line 773]
Event: 55.867 Thread 0x000001c5c7bdcaf0 Exception <a 'java/lang/NoSuchMethodError'{0x00000006485d3728}: 'int java.lang.invoke.Invokers$Holder.invokeExact_MT(java.lang.Object, java.lang.Object, java.lang.Object)'> (0x00000006485d3728) 
thrown [s\open\src\hotspot\share\interpreter\linkResolver.cpp, line 773]
Event: 93.038 Thread 0x000001c5ca413a30 Exception <a 'java/lang/NoSuchMethodError'{0x00000006483fb248}: 'void java.lang.invoke.DirectMethodHandle$Holder.invokeSpecial(java.lang.Object, java.lang.Object, java.lang.Object, java.lang.Object, java.lang.Object, java.lang.Object, java.lang.Object)'> (0x00000006483fb248) 
thrown [s\open\src\hotspot\share\interpreter\linkResolver.cpp, line 773]
Event: 93.659 Thread 0x000001c5ca4144d0 Exception <a 'java/lang/NoSuchMethodError'{0x000000065e929ff8}: 'java.lang.Object java.lang.invoke.DirectMethodHandle$Holder.invokeStatic(java.lang.Object, int, int)'> (0x000000065e929ff8) 
thrown [s\open\src\hotspot\share\interpreter\linkResolver.cpp, line 773]
Event: 93.659 Thread 0x000001c5c7bde580 Exception <a 'java/lang/NoSuchMethodError'{0x000000065e915368}: 'java.lang.Object java.lang.invoke.DirectMethodHandle$Holder.invokeStatic(java.lang.Object, int, int)'> (0x000000065e915368) 
thrown [s\open\src\hotspot\share\interpreter\linkResolver.cpp, line 773]
Event: 93.660 Thread 0x000001c5c7bdd040 Exception <a 'java/lang/NoSuchMethodError'{0x000000065e906a88}: 'java.lang.Object java.lang.invoke.DirectMethodHandle$Holder.invokeStatic(java.lang.Object, int, int)'> (0x000000065e906a88) 
thrown [s\open\src\hotspot\share\interpreter\linkResolver.cpp, line 773]
Event: 93.660 Thread 0x000001c5c7bdcaf0 Exception <a 'java/lang/NoSuchMethodError'{0x000000065e893ca0}: 'java.lang.Object java.lang.invoke.DirectMethodHandle$Holder.invokeStatic(java.lang.Object, int, int)'> (0x000000065e893ca0) 
thrown [s\open\src\hotspot\share\interpreter\linkResolver.cpp, line 773]
Event: 93.660 Thread 0x000001c5ca411500 Exception <a 'java/lang/NoSuchMethodError'{0x000000065e875820}: 'java.lang.Object java.lang.invoke.DirectMethodHandle$Holder.invokeStatic(java.lang.Object, int, int)'> (0x000000065e875820) 
thrown [s\open\src\hotspot\share\interpreter\linkResolver.cpp, line 773]
Event: 93.660 Thread 0x000001c5c7bdc5a0 Exception <a 'java/lang/NoSuchMethodError'{0x000000065e8e2920}: 'java.lang.Object java.lang.invoke.DirectMethodHandle$Holder.invokeStatic(java.lang.Object, int, int)'> (0x000000065e8e2920) 
thrown [s\open\src\hotspot\share\interpreter\linkResolver.cpp, line 773]

VM Operations (20 events):
Event: 56.746 Executing VM operation: Cleanup
Event: 56.746 Executing VM operation: Cleanup done
Event: 60.143 Executing VM operation: HandshakeAllThreads
Event: 60.143 Executing VM operation: HandshakeAllThreads done
Event: 71.202 Executing VM operation: Cleanup
Event: 71.202 Executing VM operation: Cleanup done
Event: 92.366 Executing VM operation: Cleanup
Event: 92.366 Executing VM operation: Cleanup done
Event: 92.550 Executing VM operation: HandshakeAllThreads
Event: 92.551 Executing VM operation: HandshakeAllThreads done
Event: 93.043 Executing VM operation: HandshakeAllThreads
Event: 93.043 Executing VM operation: HandshakeAllThreads done
Event: 93.057 Executing VM operation: HandshakeAllThreads
Event: 93.057 Executing VM operation: HandshakeAllThreads done
Event: 93.069 Executing VM operation: HandshakeAllThreads
Event: 93.069 Executing VM operation: HandshakeAllThreads done
Event: 93.363 Executing VM operation: G1CollectForAllocation
Event: 93.376 Executing VM operation: G1CollectForAllocation done
Event: 93.926 Executing VM operation: ICBufferFull
Event: 93.926 Executing VM operation: ICBufferFull done

Events (20 events):
Event: 40.727 Thread 0x000001c5c5c87480 Thread added: 0x000001c5c5c87480
Event: 43.837 Thread 0x000001c5c5c87480 Thread exited: 0x000001c5c5c87480
Event: 55.729 Thread 0x000001c5c5c87480 Thread added: 0x000001c5c5c87480
Event: 56.035 Thread 0x000001c5c5c87480 Thread exited: 0x000001c5c5c87480
Event: 91.718 Thread 0x000001c5ca40fa70 Thread added: 0x000001c5ca40fa70
Event: 91.718 Thread 0x000001c5ca40fa70 Thread exited: 0x000001c5ca40fa70
Event: 91.719 Thread 0x000001c5c5c87480 Thread added: 0x000001c5c5c87480
Event: 91.910 Thread 0x000001c5c5c87480 Thread exited: 0x000001c5c5c87480
Event: 92.430 Thread 0x000001c5ca40efd0 Thread added: 0x000001c5ca40efd0
Event: 92.544 Thread 0x000001c5c5c87480 Thread added: 0x000001c5c5c87480
Event: 92.544 Thread 0x000001c5c82f9460 Thread added: 0x000001c5c82f9460
Event: 92.757 Thread 0x000001c5c82f9460 Thread exited: 0x000001c5c82f9460
Event: 92.991 Thread 0x000001c5c5c87480 Thread exited: 0x000001c5c5c87480
Event: 93.187 Thread 0x000001c5c5c87480 Thread added: 0x000001c5c5c87480
Event: 93.567 Thread 0x000001c5c82f9460 Thread added: 0x000001c5c82f9460
Event: 93.567 Thread 0x000001c5c69c4530 Thread added: 0x000001c5c69c4530
Event: 93.693 Thread 0x000001c5c7c574d0 Thread added: 0x000001c5c7c574d0
Event: 93.694 Thread 0x000001c5c8d85730 Thread added: 0x000001c5c8d85730
Event: 93.704 Thread 0x000001c5c7f288a0 Thread added: 0x000001c5c7f288a0
Event: 93.747 Thread 0x000001c5c76220d0 Thread added: 0x000001c5c76220d0


Dynamic libraries:
0x00007ff795440000 - 0x00007ff795450000 	C:\Program Files\Java\jdk-20\bin\java.exe
0x00007ffc12ad0000 - 0x00007ffc12ce7000 	C:\WINDOWS\SYSTEM32\ntdll.dll
0x00007ffc10e90000 - 0x00007ffc10f54000 	C:\WINDOWS\System32\KERNEL32.DLL
0x00007ffc0fdf0000 - 0x00007ffc1019d000 	C:\WINDOWS\System32\KERNELBASE.dll
0x00007ffc10390000 - 0x00007ffc104a1000 	C:\WINDOWS\System32\ucrtbase.dll
0x00007ffc08120000 - 0x00007ffc08139000 	C:\Program Files\Java\jdk-20\bin\jli.dll
0x00007ffbec320000 - 0x00007ffbec33b000 	C:\Program Files\Java\jdk-20\bin\VCRUNTIME140.dll
0x00007ffc12350000 - 0x00007ffc12402000 	C:\WINDOWS\System32\ADVAPI32.dll
0x00007ffc125e0000 - 0x00007ffc12687000 	C:\WINDOWS\System32\msvcrt.dll
0x00007ffc10de0000 - 0x00007ffc10e89000 	C:\WINDOWS\System32\sechost.dll
0x00007ffc102f0000 - 0x00007ffc10318000 	C:\WINDOWS\System32\bcrypt.dll
0x00007ffc10aa0000 - 0x00007ffc10bb4000 	C:\WINDOWS\System32\RPCRT4.dll
0x00007ffc10800000 - 0x00007ffc109ae000 	C:\WINDOWS\System32\USER32.dll
0x00007ffc102c0000 - 0x00007ffc102e6000 	C:\WINDOWS\System32\win32u.dll
0x00007ffc0f170000 - 0x00007ffc0f403000 	C:\WINDOWS\WinSxS\amd64_microsoft.windows.common-controls_6595b64144ccf1df_6.0.22621.3672_none_2713b9d173822955\COMCTL32.dll
0x00007ffc11be0000 - 0x00007ffc11c09000 	C:\WINDOWS\System32\GDI32.dll
0x00007ffc101a0000 - 0x00007ffc102b9000 	C:\WINDOWS\System32\gdi32full.dll
0x00007ffc10760000 - 0x00007ffc107fa000 	C:\WINDOWS\System32\msvcp_win.dll
0x00007ffc0eee0000 - 0x00007ffc0eeea000 	C:\WINDOWS\SYSTEM32\VERSION.dll
0x00007ffc122b0000 - 0x00007ffc122e1000 	C:\WINDOWS\System32\IMM32.DLL
0x00007ffc08110000 - 0x00007ffc0811c000 	C:\Program Files\Java\jdk-20\bin\vcruntime140_1.dll
0x00007ffbec290000 - 0x00007ffbec31e000 	C:\Program Files\Java\jdk-20\bin\msvcp140.dll
0x00007ffb9b4a0000 - 0x00007ffb9c138000 	C:\Program Files\Java\jdk-20\bin\server\jvm.dll
0x00007ffc09320000 - 0x00007ffc09354000 	C:\WINDOWS\SYSTEM32\WINMM.dll
0x00007ffbe1f40000 - 0x00007ffbe1f49000 	C:\WINDOWS\SYSTEM32\WSOCK32.dll
0x00007ffc12220000 - 0x00007ffc12291000 	C:\WINDOWS\System32\WS2_32.dll
0x00007ffc0dec0000 - 0x00007ffc0ded8000 	C:\WINDOWS\SYSTEM32\kernel.appcore.dll
0x00007ffbec280000 - 0x00007ffbec28a000 	C:\Program Files\Java\jdk-20\bin\jimage.dll
0x00007ffc0f700000 - 0x00007ffc0f932000 	C:\WINDOWS\SYSTEM32\DBGHELP.DLL
0x00007ffc12700000 - 0x00007ffc12a8e000 	C:\WINDOWS\System32\combase.dll
0x00007ffc10f60000 - 0x00007ffc11037000 	C:\WINDOWS\System32\OLEAUT32.dll
0x00007ffc0f5f0000 - 0x00007ffc0f622000 	C:\WINDOWS\SYSTEM32\dbgcore.DLL
0x00007ffc106e0000 - 0x00007ffc1075b000 	C:\WINDOWS\System32\bcryptPrimitives.dll
0x00007ffbeca60000 - 0x00007ffbeca9c000 	C:\Program Files\Java\jdk-20\bin\jdwp.dll
0x00007ffbec250000 - 0x00007ffbec276000 	C:\Program Files\Java\jdk-20\bin\java.dll
0x00007ffbeaf80000 - 0x00007ffbeb057000 	C:\Program Files\Java\jdk-20\bin\jsvml.dll
0x00007ffc111c0000 - 0x00007ffc11a27000 	C:\WINDOWS\System32\SHELL32.dll
0x00007ffc0cdf0000 - 0x00007ffc0d6ef000 	C:\WINDOWS\SYSTEM32\windows.storage.dll
0x00007ffc0ccb0000 - 0x00007ffc0cdef000 	C:\WINDOWS\SYSTEM32\wintypes.dll
0x00007ffc11a30000 - 0x00007ffc11b29000 	C:\WINDOWS\System32\SHCORE.dll
0x00007ffc12690000 - 0x00007ffc126ee000 	C:\WINDOWS\System32\shlwapi.dll
0x00007ffc0fd20000 - 0x00007ffc0fd47000 	C:\WINDOWS\SYSTEM32\profapi.dll
0x00007ffbed6f0000 - 0x00007ffbed6fc000 	C:\Program Files\Java\jdk-20\bin\dt_socket.dll
0x00007ffc0d940000 - 0x00007ffc0d96d000 	C:\WINDOWS\SYSTEM32\IPHLPAPI.DLL
0x00007ffc0e290000 - 0x00007ffc0e2f9000 	C:\WINDOWS\system32\mswsock.dll
0x00007ffbec1e0000 - 0x00007ffbec1f3000 	C:\Program Files\Java\jdk-20\bin\net.dll
0x00007ffc0a740000 - 0x00007ffc0a876000 	C:\WINDOWS\SYSTEM32\WINHTTP.dll
0x00007ffbeb3c0000 - 0x00007ffbeb3d6000 	C:\Program Files\Java\jdk-20\bin\nio.dll
0x00007ffbeb3a0000 - 0x00007ffbeb3b8000 	C:\Program Files\Java\jdk-20\bin\zip.dll
0x00007ffc122a0000 - 0x00007ffc122a9000 	C:\WINDOWS\System32\NSI.dll
0x00007ffc0a250000 - 0x00007ffc0a269000 	C:\WINDOWS\SYSTEM32\dhcpcsvc6.DLL
0x00007ffc09fd0000 - 0x00007ffc09fef000 	C:\WINDOWS\SYSTEM32\dhcpcsvc.DLL
0x00007ffc0d970000 - 0x00007ffc0da68000 	C:\WINDOWS\SYSTEM32\DNSAPI.dll
0x00007ffc08a30000 - 0x00007ffc08a3a000 	C:\Windows\System32\rasadhlp.dll
0x00007ffc0fa90000 - 0x00007ffc0faab000 	C:\WINDOWS\SYSTEM32\CRYPTSP.dll
0x00007ffc0de20000 - 0x00007ffc0de55000 	C:\WINDOWS\system32\rsaenh.dll
0x00007ffc0e330000 - 0x00007ffc0e358000 	C:\WINDOWS\SYSTEM32\USERENV.dll
0x00007ffc0e5c0000 - 0x00007ffc0e5cc000 	C:\WINDOWS\SYSTEM32\CRYPTBASE.dll
0x00007ffbed700000 - 0x00007ffbed70e000 	C:\Program Files\Java\jdk-20\bin\sunmscapi.dll
0x00007ffc104b0000 - 0x00007ffc10616000 	C:\WINDOWS\System32\CRYPT32.dll
0x00007ffc0f010000 - 0x00007ffc0f03e000 	C:\WINDOWS\SYSTEM32\ncrypt.dll
0x00007ffc0efd0000 - 0x00007ffc0f007000 	C:\WINDOWS\SYSTEM32\NTASN1.dll
0x00007ffbed720000 - 0x00007ffbed72a000 	C:\Program Files\Java\jdk-20\bin\management.dll
0x00007ffbed710000 - 0x00007ffbed71b000 	C:\Program Files\Java\jdk-20\bin\management_ext.dll
0x00007ffc126f0000 - 0x00007ffc126f8000 	C:\WINDOWS\System32\PSAPI.DLL
0x00007ffc08f70000 - 0x00007ffc08ff3000 	C:\WINDOWS\System32\fwpuclnt.dll
0x00007ffbeb390000 - 0x00007ffbeb397000 	C:\Program Files\Java\jdk-20\bin\extnet.dll
0x00007ffbec230000 - 0x00007ffbec240000 	C:\Program Files\Java\jdk-20\bin\verify.dll
0x00007ffbfb450000 - 0x00007ffbfb458000 	C:\WINDOWS\system32\wshunix.dll

dbghelp: loaded successfully - version: 4.0.5 - missing functions: none
symbol engine: initialized successfully - sym options: 0x614 - pdb path: .;C:\Program Files\Java\jdk-20\bin;C:\WINDOWS\SYSTEM32;C:\WINDOWS\WinSxS\amd64_microsoft.windows.common-controls_6595b64144ccf1df_6.0.22621.3672_none_2713b9d173822955;C:\Program Files\Java\jdk-20\bin\server

VM Arguments:
jvm_args: -agentlib:jdwp=transport=dt_socket,address=127.0.0.1:60761,suspend=y,server=n -Dfile.encoding=UTF-8 -Dsun.stdout.encoding=UTF-8 -Dsun.stderr.encoding=UTF-8 
java_command: com.astromyllc.astroorb.AstroOrbApplication
java_class_path (initial): E:\Astromy LLC Work\Java Projects\ParentShootingStar\astro-orb\target\classes;C:\Users\LENOVO\.m2\repository\org\springframework\boot\spring-boot-starter-oauth2-client\3.1.2\spring-boot-starter-oauth2-client-3.1.2.jar;C:\Users\LENOVO\.m2\repository\org\springframework\boot\spring-boot-starter\3.1.2\spring-boot-starter-3.1.2.jar;C:\Users\LENOVO\.m2\repository\org\springframework\boot\spring-boot\3.1.2\spring-boot-3.1.2.jar;C:\Users\LENOVO\.m2\repository\org\springframework\boot\spring-boot-autoconfigure\3.1.2\spring-boot-autoconfigure-3.1.2.jar;C:\Users\LENOVO\.m2\repository\org\springframework\boot\spring-boot-starter-logging\3.1.2\spring-boot-starter-logging-3.1.2.jar;C:\Users\LENOVO\.m2\repository\ch\qos\logback\logback-classic\1.4.8\logback-classic-1.4.8.jar;C:\Users\LENOVO\.m2\repository\ch\qos\logback\logback-core\1.4.8\logback-core-1.4.8.jar;C:\Users\LENOVO\.m2\repository\org\apache\logging\log4j\log4j-to-slf4j\2.20.0\log4j-to-slf4j-2.20.0.jar;C:\Users\LENOVO\.m2\repository\org\apache\logging\log4j\log4j-api\2.20.0\log4j-api-2.20.0.jar;C:\Users\LENOVO\.m2\repository\org\slf4j\jul-to-slf4j\2.0.7\jul-to-slf4j-2.0.7.jar;C:\Users\LENOVO\.m2\repository\jakarta\annotation\jakarta.annotation-api\2.1.1\jakarta.annotation-api-2.1.1.jar;C:\Users\LENOVO\.m2\repository\org\yaml\snakeyaml\1.33\snakeyaml-1.33.jar;C:\Users\LENOVO\.m2\repository\org\springframework\security\spring-security-config\6.1.2\spring-security-config-6.1.2.jar;C:\Users\LENOVO\.m2\repository\org\springframework\spring-aop\6.0.11\spring-aop-6.0.11.jar;C:\Users\LENOVO\.m2\repository\org\springframework\spring-beans\6.0.11\spring-beans-6.0.11.jar;C:\Users\LENOVO\.m2\repository\org\springframework\spring-context\6.0.11\spring-context-6.0.11.jar;C:\Users\LENOVO\.m2\repository\org\springframework\security\spring-security-core\6.1.2\spring-security-core-6.1.2.jar;C:\Users\LENOVO\.m2\repository\org\springframework\security\spring-security-crypto\6.1.2\spring-security-crypto-6.1.2.jar;C:\Users\LENOVO\.m2\repository\org\springframework\spring-expression\6.0.11\spring-expression-6.0.11.jar;C:\Users\LENOVO\.m2\repository\io\micrometer\micrometer-observation\1.11.2\micrometer-observation-1.11.2.jar;C:\Users\LENOVO\.m2\repository\io\micrometer\micrometer-commons\1.11.2\micrometer-commons-1.11.2.jar;C:\Users\LENOVO\.m2\repository\org\springframework\security\spring-security-oauth2-client\6.1.2\spring-security-oauth2-client-6.1.2.jar;C:\Users\LENOVO\.m2\repository\org\springframework\security\spring-security-oauth2-core\6.1.2\spring-security-oauth2-core-6.1.2.jar;C:\Users\LENOVO\.m2\repository\org\springframework\security\spring-security-web\6.1.2\spring-security-web-6.1.2.jar;C:\Users\LENOVO\.m2\repository\com\nimbusds\oauth2-oidc-sdk\9.43.3\oauth2-oidc-sdk-9.43.3.jar;C:\Users\LENOVO\.m2\repository\com\github\stephenc\jcip\jcip-annotations\1.0-1\jcip-annotations-1.0-1.jar;C:\Users\LENOVO\.m2\repository\com\nimbusds\content-type\2.2\content-type-2.2.jar;C:\Users\LENOVO\.m2\repository\com\nimbusds\lang-tag\1.7\lang-tag-1.7.jar;C:\Users\LENOVO\.m2\repository\org\springframework\security\spring-security-oauth2-jose\6.1.2\spring-security-oauth2-jose-6.1.2.jar;C:\Users\LENOVO\.m2\repository\com\nimbusds\nimbus-jose-jwt\9.31\nimbus-jose-jwt-9.31.jar;C:\Users\LENOVO\.m2\repository\org\springframework\boot\spring-boot-starter-thymeleaf\3.1.2\spring-boot-starter-thymeleaf-3.1.2.jar;C:\Users\LENOVO\.m2\repository\org\thymeleaf\thymeleaf-spring6\3.1.1.RELEASE\thymeleaf-spring6-3.1.1.RELEASE.jar;C:\Users\LENOVO\.m2\repository\org\thymeleaf\thymeleaf\3.1.1.RELEASE\thymeleaf-3.1.1.RELEASE.jar;C:\Users\LENOVO\.m2\repository\org\attoparser\attoparser\2.0.6.RELEASE\attoparser-2.0.6.RELEASE.jar;C:\Users\LENOVO\.m2\repository\org\unbescape\unbescape\1.1.6.RELEASE\unbescape-1.1.6.RELEASE.jar;C:\Users\LENOVO\.m2\repository\org\slf4j\slf4j-api\2.0.7\slf4j-api-2.0.7.jar;C:\Users\LENOVO\.m2\repository\org\springframework\boot\spring-boot-starter-web\3.1.2\spring-boot-starter-web-3.1.2.jar;C:\Users\LENOVO\.m2\repository\org\springframework\boot\spring-boot-starter-json\3.1.2\spring-boot-starter-json-3.1.2.jar;C:\Users\LENOVO\.m2\repository\com\fasterxml\jackson\datatype\jackson-datatype-jdk8\2.15.2\jackson-datatype-jdk8-2.15.2.jar;C:\Users\LENOVO\.m2\repository\com\fasterxml\jackson\datatype\jackson-datatype-jsr310\2.15.2\jackson-datatype-jsr310-2.15.2.jar;C:\Users\LENOVO\.m2\repository\com\fasterxml\jackson\module\jackson-module-parameter-names\2.15.2\jackson-module-parameter-names-2.15.2.jar;C:\Users\LENOVO\.m2\repository\org\springframework\boot\spring-boot-starter-tomcat\3.1.2\spring-boot-starter-tomcat-3.1.2.jar;C:\Users\LENOVO\.m2\repository\org\apache\tomcat\embed\tomcat-embed-core\10.1.11\tomcat-embed-core-10.1.11.jar;C:\Users\LENOVO\.m2\repository\org\apache\tomcat\embed\tomcat-embed-el\10.1.11\tomcat-embed-el-10.1.11.jar;C:\Users\LENOVO\.m2\repository\org\apache\tomcat\embed\tomcat-embed-websocket\10.1.11\tomcat-embed-websocket-10.1.11.jar;C:\Users\LENOVO\.m2\repository\org\springframework\spring-web\6.0.11\spring-web-6.0.11.jar;C:\Users\LENOVO\.m2\repository\org\springframework\spring-webmvc\6.0.11\spring-webmvc-6.0.11.jar;C:\Users\LENOVO\.m2\repository\org\springframework\cloud\spring-cloud-starter-netflix-eureka-client\4.0.3\spring-cloud-starter-netflix-eureka-client-4.0.3.jar;C:\Users\LENOVO\.m2\repository\org\springframework\cloud\spring-cloud-starter\4.0.4\spring-cloud-starter-4.0.4.jar;C:\Users\LENOVO\.m2\repository\org\springframework\cloud\spring-cloud-context\4.0.4\spring-cloud-context-4.0.4.jar;C:\Users\LENOVO\.m2\repository\org\springframework\cloud\spring-cloud-commons\4.0.4\spring-cloud-commons-4.0.4.jar;C:\Users\LENOVO\.m2\repository\org\springframework\security\spring-security-rsa\1.0.12.RELEASE\spring-security-rsa-1.0.12.RELEASE.jar;C:\Users\LENOVO\.m2\repository\org\bouncycastle\bcpkix-jdk18on\1.73\bcpkix-jdk18on-1.73.jar;C:\Users\LENOVO\.m2\repository\org\bouncycastle\bcprov-jdk18on\1.73\bcprov-jdk18on-1.73.jar;C:\Users\LENOVO\.m2\repository\org\bouncycastle\bcutil-jdk18on\1.73\bcutil-jdk18on-1.73.jar;C:\Users\LENOVO\.m2\repository\org\springframework\cloud\spring-cloud-netflix-eureka-client\4.0.3\spring-cloud-netflix-eureka-client-4.0.3.jar;C:\Users\LENOVO\.m2\repository\org\apache\httpcomponents\client5\httpclient5\5.2.1\httpclient5-5.2.1.jar;C:\Users\LENOVO\.m2\repository\org\apache\httpcomponents\core5\httpcore5\5.2.2\httpcore5-5.2.2.jar;C:\Users\LENOVO\.m2\repository\org\apache\httpcomponents\core5\httpcore5-h2\5.2.2\httpcore5-h2-5.2.2.jar;C:\Users\LENOVO\.m2\repository\com\netflix\eureka\eureka-client\2.0.1\eureka-client-2.0.1.jar;C:\Users\LENOVO\.m2\repository\com\netflix\netflix-commons\netflix-eventbus\0.3.0\netflix-eventbus-0.3.0.jar;C:\Users\LENOVO\.m2\repository\com\netflix\netflix-commons\netflix-infix\0.3.0\netflix-infix-0.3.0.jar;C:\Users\LENOVO\.m2\repository\commons-jxpath\commons-jxpath\1.3\commons-jxpath-1.3.jar;C:\Users\LENOVO\.m2\repository\joda-time\joda-time\2.3\joda-time-2.3.jar;C:\Users\LENOVO\.m2\repository\org\antlr\antlr-runtime\3.4\antlr-runtime-3.4.jar;C:\Users\LENOVO\.m2\repository\org\antlr\stringtemplate\3.2.1\stringtemplate-3.2.1.jar;C:\Users\LENOVO\.m2\repository\antlr\antlr\2.7.7\antlr-2.7.7.jar;C:\Users\LENOVO\.m2\repository\com\google\code\gson\gson\2.10.1\gson-2.10.1.jar;C:\Users\LENOVO\.m2\repository\org\apache\commons\commons-math\2.2\commons-math-2.2.jar;C:\Users\LENOVO\.m2\repository\com\thoughtworks\xstream\xstream\1.4.19\xstream-1.4.19.jar;C:\Users\LENOVO\.m2\repository\io\github\x-stream\mxparser\1.2.2\mxparser-1.2.2.jar;C:\Users\LENOVO\.m2\repository\xmlpull\xmlpull\1.1.3.1\xmlpull-1.1.3.1.jar;C:\Users\LENOVO\.m2\repository\jakarta\ws\rs\jakarta.ws.rs-api\3.1.0\jakarta.ws.rs-api-3.1.0.jar;C:\Users\LENOVO\.m2\repository\jakarta\inject\jakarta.inject-api\2.0.1\jakarta.inject-api-2.0.1.jar;C:\Users\LENOVO\.m2\repository\com\netflix\servo\servo-core\0.12.21\servo-core-0.12.21.jar;C:\Users\LENOVO\.m2\repository\org\apache\httpcomponents\httpclient\4.5.3\httpclient-4.5.3.jar;C:\Users\LENOVO\.m2\repository\org\apache\httpcomponents\httpcore\4.4.16\httpcore-4.4.16.jar;C:\Users\LENOVO\.m2\repository\commons-configuration\commons-configuration\1.10\commons-configuration-1.10.jar;C:\Users\LENOVO\.m2\repository\commons-lang\commons-lang\2.6\commons-lang-2.6.jar;C:\Users\LENOVO\.m2\repository\org\codehaus\jettison\jettison\1.4.0\jettison-1.4.0.jar;C:\Users\LENOVO\.m2\repository\com\netflix\eureka\eureka-core\2.0.1\eureka-core-2.0.1.jar;C:\Users\LENOVO\.m2\repository\jakarta\servlet\jakarta.servlet-api\6.0.0\jakarta.servlet-api-6.0.0.jar;C:\Users\LENOVO\.m2\repository\com\fasterxml\woodstox\woodstox-core\6.2.1\woodstox-core-6.2.1.jar;C:\Users\LENOVO\.m2\repository\org\codehaus\woodstox\stax2-api\4.2.1\stax2-api-4.2.1.jar;C:\Users\LENOVO\.m2\repository\org\springframework\cloud\spring-cloud-starter-loadbalancer\4.0.4\spring-cloud-starter-loadbalancer-4.0.4.jar;C:\Users\LENOVO\.m2\repository\org\springframework\cloud\spring-cloud-loadbalancer\4.0.4\spring-cloud-loadbalancer-4.0.4.jar;C:\Users\LENOVO\.m2\repository\io\projectreactor\reactor-core\3.5.8\reactor-core-3.5.8.jar;C:\Users\LENOVO\.m2\repository\io\projectreactor\addons\reactor-extra\3.5.1\reactor-extra-3.5.1.jar;C:\Users\LENOVO\.m2\repository\org\springframework\boot\spring-boot-starter-cache\3.1.2\spring-boot-starter-cache-3.1.2.jar;C:\Users\LENOVO\.m2\repository\org\springframework\spring-context-support\6.0.11\spring-context-support-6.0.11.jar;C:\Users\LENOVO\.m2\repository\com\stoyanr\evictor\1.0.0\evictor-1.0.0.jar;C:\Users\LENOVO\.m2\repository\org\keycloak\keycloak-admin-client\15.0.2\keycloak-admin-client-15.0.2.jar;C:\Users\LENOVO\.m2\repository\org\keycloak\keycloak-core\15.0.2\keycloak-core-15.0.2.jar;C:\Users\LENOVO\.m2\repository\org\keycloak\keycloak-common\15.0.2\keycloak-common-15.0.2.jar;C:\Users\LENOVO\.m2\repository\org\jboss\resteasy\resteasy-client\3.13.2.Final\resteasy-client-3.13.2.Final.jar;C:\Users\LENOVO\.m2\repository\org\jboss\spec\javax\ws\rs\jboss-jaxrs-api_2.1_spec\2.0.1.Final\jboss-jaxrs-api_2.1_spec-2.0.1.Final.jar;C:\Users\LENOVO\.m2\repository\org\jboss\resteasy\resteasy-jaxrs\3.13.2.Final\resteasy-jaxrs-3.13.2.Final.jar;C:\Users\LENOVO\.m2\repository\org\reactivestreams\reactive-streams\1.0.4\reactive-streams-1.0.4.jar;C:\Users\LENOVO\.m2\repository\jakarta\validation\jakarta.validation-api\3.0.2\jakarta.validation-api-3.0.2.jar;C:\Users\LENOVO\.m2\repository\org\jboss\spec\javax\annotation\jboss-annotations-api_1.3_spec\2.0.1.Final\jboss-annotations-api_1.3_spec-2.0.1.Final.jar;C:\Users\LENOVO\.m2\repository\com\sun\activation\jakarta.activation\1.2.1\jakarta.activation-1.2.1.jar;C:\Users\LENOVO\.m2\repository\org\jboss\logging\jboss-logging\3.5.3.Final\jboss-logging-3.5.3.Final.jar;C:\Users\LENOVO\.m2\repository\commons-codec\commons-codec\1.15\commons-codec-1.15.jar;C:\Users\LENOVO\.m2\repository\commons-io\commons-io\2.5\commons-io-2.5.jar;C:\Users\LENOVO\.m2\repository\org\jboss\resteasy\resteasy-multipart-provider\3.13.2.Final\resteasy-multipart-provider-3.13.2.Final.jar;C:\Users\LENOVO\.m2\repository\com\sun\mail\jakarta.mail\1.6.5\jakarta.mail-1.6.5.jar;C:\Users\LENOVO\.m2\repository\org\apache\james\apache-mime4j\0.6\apache-mime4j-0.6.jar;C:\Users\LENOVO\.m2\repository\org\jboss\resteasy\resteasy-jackson2-provider\3.13.2.Final\resteasy-jackson2-provider-3.13.2.Final.jar;C:\Users\LENOVO\.m2\repository\com\fasterxml\jackson\jaxrs\jackson-jaxrs-json-provider\2.15.2\jackson-jaxrs-json-provider-2.15.2.jar;C:\Users\LENOVO\.m2\repository\com\fasterxml\jackson\jaxrs\jackson-jaxrs-base\2.15.2\jackson-jaxrs-base-2.15.2.jar;C:\Users\LENOVO\.m2\repository\com\fasterxml\jackson\module\jackson-module-jaxb-annotations\2.15.2\jackson-module-jaxb-annotations-2.15.2.jar;C:\Users\LENOVO\.m2\repository\com\github\fge\json-patch\1.9\json-patch-1.9.jar;C:\Users\LENOVO\.m2\repository\com\github\fge\jackson-coreutils\1.6\jackson-coreutils-1.6.jar;C:\Users\LENOVO\.m2\repository\com\github\fge\msg-simple\1.1\msg-simple-1.1.jar;C:\Users\LENOVO\.m2\repository\com\github\fge\btf\1.2\btf-1.2.jar;C:\Users\LENOVO\.m2\repository\com\google\guava\guava\28.1-jre\guava-28.1-jre.jar;C:\Users\LENOVO\.m2\repository\com\google\guava\failureaccess\1.0.1\failureaccess-1.0.1.jar;C:\Users\LENOVO\.m2\repository\com\google\guava\listenablefuture\9999.0-empty-to-avoid-conflict-with-guava\listenablefuture-9999.0-empty-to-avoid-conflict-with-guava.jar;C:\Users\LENOVO\.m2\repository\org\checkerframework\checker-qual\2.8.1\checker-qual-2.8.1.jar;C:\Users\LENOVO\.m2\repository\org\jboss\resteasy\resteasy-jaxb-provider\3.13.2.Final\resteasy-jaxb-provider-3.13.2.Final.jar;C:\Users\LENOVO\.m2\repository\org\jboss\spec\javax\xml\bind\jboss-jaxb-api_2.3_spec\2.0.0.Final\jboss-jaxb-api_2.3_spec-2.0.0.Final.jar;C:\Users\LENOVO\.m2\repository\org\glassfish\jaxb\jaxb-runtime\4.0.3\jaxb-runtime-4.0.3.jar;C:\Users\LENOVO\.m2\repository\org\glassfish\jaxb\jaxb-core\4.0.3\jaxb-core-4.0.3.jar;C:\Users\LENOVO\.m2\repository\org\eclipse\angus\angus-activation\2.0.1\angus-activation-2.0.1.jar;C:\Users\LENOVO\.m2\repository\org\glassfish\jaxb\txw2\4.0.3\txw2-4.0.3.jar;C:\Users\LENOVO\.m2\repository\com\sun\istack\istack-commons-runtime\4.1.2\istack-commons-runtime-4.1.2.jar;C:\Users\LENOVO\.m2\repository\com\fasterxml\jackson\core\jackson-databind\2.15.2\jackson-databind-2.15.2.jar;C:\Users\LENOVO\.m2\repository\com\fasterxml\jackson\core\jackson-annotations\2.15.2\jackson-annotations-2.15.2.jar;C:\Users\LENOVO\.m2\repository\com\fasterxml\jackson\core\jackson-core\2.15.2\jackson-core-2.15.2.jar;C:\Users\LENOVO\.m2\repository\org\projectlombok\lombok\1.18.28\lombok-1.18.28.jar;C:\Users\LENOVO\.m2\repository\jakarta\activation\jakarta.activation-api\2.1.2\jakarta.activation-api-2.1.2.jar;C:\Users\LENOVO\.m2\repository\net\minidev\json-smart\2.4.11\json-smart-2.4.11.jar;C:\Users\LENOVO\.m2\repository\net\minidev\accessors-smart\2.4.11\accessors-smart-2.4.11.jar;C:\Users\LENOVO\.m2\repository\org\ow2\asm\asm\9.3\asm-9.3.jar;C:\Users\LENOVO\.m2\repository\org\springframework\spring-core\6.0.11\spring-core-6.0.11.jar;C:\Users\LENOVO\.m2\repository\org\springframework\spring-jcl\6.0.11\spring-jcl-6.0.11.jar;C:\Program Files\JetBrains\IntelliJ IDEA Community Edition 2023.1.4\lib\idea_rt.jar
Launcher Type: SUN_STANDARD

[Global flags]
     intx CICompilerCount                          = 12                                        {product} {ergonomic}
     uint ConcGCThreads                            = 3                                         {product} {ergonomic}
     uint G1ConcRefinementThreads                  = 13                                        {product} {ergonomic}
   size_t G1HeapRegionSize                         = 4194304                                   {product} {ergonomic}
    uintx GCDrainStackTargetSize                   = 64                                        {product} {ergonomic}
   size_t InitialHeapSize                          = 465567744                                 {product} {ergonomic}
   size_t MarkStackSize                            = 4194304                                   {product} {ergonomic}
   size_t MaxHeapSize                              = 7436500992                                {product} {ergonomic}
   size_t MaxNewSize                               = 4458545152                                {product} {ergonomic}
   size_t MinHeapDeltaBytes                        = 4194304                                   {product} {ergonomic}
   size_t MinHeapSize                              = 8388608                                   {product} {ergonomic}
    uintx NonNMethodCodeHeapSize                   = 7602480                                {pd product} {ergonomic}
    uintx NonProfiledCodeHeapSize                  = 122027880                              {pd product} {ergonomic}
    uintx ProfiledCodeHeapSize                     = 122027880                              {pd product} {ergonomic}
    uintx ReservedCodeCacheSize                    = 251658240                              {pd product} {ergonomic}
     bool SegmentedCodeCache                       = true                                      {product} {ergonomic}
   size_t SoftMaxHeapSize                          = 7436500992                             {manageable} {ergonomic}
     bool UseCompressedClassPointers               = true                           {product lp64_product} {ergonomic}
     bool UseCompressedOops                        = true                           {product lp64_product} {ergonomic}
     bool UseG1GC                                  = true                                      {product} {ergonomic}
     bool UseLargePagesIndividualAllocation        = false                                  {pd product} {ergonomic}

Logging:
Log output configuration:
 #0: stdout all=warning uptime,level,tags foldmultilines=false
 #1: stderr all=off uptime,level,tags foldmultilines=false

Environment Variables:
JAVA_HOME=C:\Program Files\Java\jdk-20
PATH=C:\Program Files\Common Files\Oracle\Java\javapath;C:\Python311\Scripts\;C:\Python311\;C:\Program Files\Microsoft\jdk-11.0.16.101-hotspot\bin;C:\Windows\system32;C:\Windows;C:\Windows\System32\Wbem;C:\Windows\System32\WindowsPowerShell\v1.0\;C:\Windows\System32\OpenSSH\;C:\Program Files (x86)\NVIDIA Corporation\PhysX\Common;C:\Program Files\NVIDIA Corporation\NVIDIA NvDLISR;C:\Program Files\Microsoft SQL Server\150\Tools\Binn\;C:\Program Files\Microsoft SQL Server\Client SDK\ODBC\170\Tools\Binn\;C:\Program Files\Git\cmd;C:\Program Files\nodejs\;C:\ProgramData\chocolatey\bin;C:\WINDOWS\system32;C:\WINDOWS;C:\WINDOWS\System32\Wbem;C:\WINDOWS\System32\WindowsPowerShell\v1.0\;C:\WINDOWS\System32\OpenSSH\;C:\Program Files\Docker\Docker\resources\bin;C:\Program Files\Azure Data Studio\bin;C:\Program Files (x86)\Microsoft SQL Server\160\Tools\Binn\;C:\Program Files\Microsoft SQL Server\160\Tools\Binn\;C:\Program Files\Microsoft SQL Server\160\DTS\Binn\;C:\Program Files (x86)\Microsoft SQL Server\160\DTS\Binn\;C:\Program Files\OpenJDK\jdk-21\bin;C:\ProgramData\chocolatey\lib\maven\apache-maven-3.9.5\bin;C:\Program Files\Apache Software Foundation\apache-maven-3.9.5;C:\Program Files\dotnet\;C:\Program Files\Apache Software Foundation\apache-maven-3.9.5\bin;C:\Users\LENOVO\AppData\Local\Programs\Microsoft VS Code\bin;C:\Users\LENOVO\AppData\Roaming\npm;C:\Users\LENOVO\.dotnet\tools;C:\Program Files\JetBrains\PyCharm Community Edition 2024.2.0.1\bin;
USERNAME=LENOVO
OS=Windows_NT
PROCESSOR_IDENTIFIER=AMD64 Family 25 Model 68 Stepping 1, AuthenticAMD
TMP=C:\Users\LENOVO\AppData\Local\Temp
TEMP=C:\Users\LENOVO\AppData\Local\Temp




---------------  S Y S T E M  ---------------

OS:
 Windows 11 , 64 bit Build 22621 (10.0.22621.3958)
OS uptime: 0 days 20:31 hours
Hyper-V role detected

CPU: total 16 (initial active 16) (16 cores per cpu, 2 threads per core) family 25 model 68 stepping 1 microcode 0x0, cx8, cmov, fxsr, ht, mmx, 3dnowpref, sse, sse2, sse3, ssse3, sse4a, sse4.1, sse4.2, popcnt, lzcnt, tsc, tscinvbit, avx, avx2, aes, erms, clmul, bmi1, bmi2, adx, sha, fma, vzeroupper, clflush, clflushopt, hv, rdtscp, rdpid, fsrm, f16c, cet_ss

Memory: 4k page, system-wide physical 28356M (5187M free)
TotalPageFile size 86946M (AvailPageFile size 0M)
current process WorkingSet (physical memory assigned to process): 269M, peak: 295M
current process commit charge ("private bytes"): 320M, peak: 647M

vm_info: Java HotSpot(TM) 64-Bit Server VM (20.0.2+9-78) for windows-amd64 JRE (20.0.2+9-78), built on 2023-06-14T10:08:48Z by "mach5one" with MS VC++ 17.1 (VS2022)

END.
